==============================
🖥️  SYSTEM INFORMATION SCRIPT
==============================

👤 Current User:
misabvp

📅 Current Date & Time:
Mon May 25 10:22:16 UTC 2026

💻 Hostname:
misabvp

🧠 System Uptime:
 10:22:16 up 30 min,  1 user,  load average: 0.11, 0.04, 0.01

💾 Memory Usage:
               total        used        free      shared  buff/cache   available
Mem:           3.7Gi       514Mi       3.2Gi       3.8Mi       168Mi       3.2Gi
Swap:          1.0Gi          0B       1.0Gi

💽 Disk Usage:
Filesystem      Size  Used Avail Use% Mounted on
none            1.9G     0  1.9G   0% /usr/lib/modules/6.6.114.1-microsoft-standard-WSL2
none            1.9G  4.0K  1.9G   1% /mnt/wsl
drivers         121G  108G   14G  89% /usr/lib/wsl/drivers
/dev/sdd       1007G  3.6G  953G   1% /
none            1.9G   40K  1.9G   1% /mnt/wslg
none            1.9G     0  1.9G   0% /usr/lib/wsl/lib
rootfs          1.9G  2.8M  1.9G   1% /init
none            1.9G  812K  1.9G   1% /run
none            1.9G     0  1.9G   0% /run/lock
none            1.9G     0  1.9G   0% /run/shm
none            1.9G   80K  1.9G   1% /mnt/wslg/versions.txt
none            1.9G   80K  1.9G   1% /mnt/wslg/doc
C:\             121G  108G   14G  89% /mnt/c
D:\             118G   91G   27G  78% /mnt/d
snapfuse        381M  381M     0 100% /snap/code/235
snapfuse        380M  380M     0 100% /snap/code/238
snapfuse         64M   64M     0 100% /snap/core20/2769
snapfuse         64M   64M     0 100% /snap/core20/2866
snapfuse         50M   50M     0 100% /snap/snapd/26865
tmpfs           382M   20K  382M   1% /run/user/1000

🌐 IP Address:
172.26.99.84 

⚙️ CPU Information:
Architecture:                            x86_64
CPU op-mode(s):                          32-bit, 64-bit
Address sizes:                           39 bits physical, 48 bits virtual
Byte Order:                              Little Endian
CPU(s):                                  8
On-line CPU(s) list:                     0-7
Vendor ID:                               GenuineIntel
Model name:                              Intel(R) Core(TM) i5-8365U CPU @ 1.60GHz
CPU family:                              6
Model:                                   142

✅ Script Completed